C251 COMPILER V5.60.0,  at24c16                                                            14/07/25  14:27:40  PAGE 1   


C251 COMPILER V5.60.0, COMPILATION OF MODULE at24c16
OBJECT MODULE PLACED IN .\Out_File\at24c16.obj
COMPILER INVOKED BY: D:\Software\Keil5\c251v560\C251\BIN\C251.EXE ..\USER\src\at24c16.c LARGE INTR2 WARNINGLEVEL(3) OPTI
                    -MIZE(0,SPEED) BROWSE INCDIR(..\USER\inc;..\USER\src;..\libraries;..\seekfree_libraries;..\seekfree_peripheral) DEBUG PRI
                    -NT(.\Out_File\at24c16.lst) OBJECT(.\Out_File\at24c16.obj) 

stmt  level    source

    1          #include "at24c16.h"
    2          //----------------------------------------------------------------------------- 
    3          // @brief    写入一个字节到 AT24C16 EEPROM
    4          // @param    page  EEPROM 页号(0~127)，对应高地址位 A10~A4
    5          // @param    addr  页内地址(0~15)，对应 A3~A0
    6          // @param    w_data 要写入的 8 位数据
    7          // @return   无
    8          // @author   ZP
    9          // Sample usage: at24c16_write_byte(0, 0, 0x55);  // 将 0x55 写入 0 页 0 地址
   10          //----------------------------------------------------------------------------- 
   11          void at24c16_write_byte(uint8_t page, uint8_t addr, uint8_t w_data)
   12          {
   13   1              uint8_t ret = 1;
   14   1              uint8_t device_addr = 0x00, data_addr = 0x00;
   15   1              
   16   1              /* 计算设备地址和字节地址 */
   17   1              device_addr = ((0x0A << 3) | ((page >> 4) & (0x07)));
   18   1              data_addr = (((page & 0x0F) << 4) | (addr & 0x0F));
   19   1              
   20   1              ret = iic_write_reg(device_addr, data_addr, w_data);
   21   1      
   22   1              delay_ms(5);
   23   1      }
   24          //----------------------------------------------------------------------------- 
   25          // @brief    从 AT24C16 EEPROM 读取一个字节
   26          // @param    page  EEPROM 页号(0~127)
   27          // @param    addr  页内地址(0~15)
   28          // @return   读取到的数据(8 位)
   29          // @author   ZP
   30          // Sample usage: uint8_t data = at24c16_read_byte(0, 0);
   31          //----------------------------------------------------------------------------- 
   32          uint8_t at24c16_read_byte(uint8_t page, uint8_t addr)
   33          {
   34   1              uint8_t ret = 1;
   35   1              uint8_t device_addr = 0x00, data_addr = 0x00;
   36   1              uint8_t r_data = 0;
   37   1              
   38   1              /* 计算设备地址和字节地址 */
   39   1              device_addr = ((0x0A << 3) | ((page >> 4) & (0x07)));
   40   1              data_addr = (((page & 0x0F) << 4) | (addr & 0x0F));
   41   1              
   42   1              ret = iic_read_reg(device_addr, data_addr, &r_data);
   43   1              
   44   1              return r_data;
   45   1      }
   46          //----------------------------------------------------------------------------- 
   47          // @brief    连续写入 2 字节到 AT24C16 EEPROM (高字节在前)
   48          // @param    page  EEPROM 页号(0~127)
   49          // @param    addr  起始地址(0~15)，函数内部自动写入 addr 和 addr+1
   50          // @param    w_data 要写入的 16 位数据
   51          // @return   无
   52          // @author   ZP
   53          // Sample usage: at24c16_write_twobytes(1, 10, 0x1234);
   54          //----------------------------------------------------------------------------- 
   55          void at24c16_write_twobytes(uint8_t page, uint8_t addr, uint16_t w_data)
   56          {
   57   1              uint8_t h_data = 0, l_data = 0;
C251 COMPILER V5.60.0,  at24c16                                                            14/07/25  14:27:40  PAGE 2   

   58   1              
   59   1              /* 拆成高低8位分别写入 */
   60   1              h_data = w_data >> 8;
   61   1              l_data = w_data & 0xff;
   62   1              
   63   1              at24c16_write_byte(page, addr, h_data);
   64   1              at24c16_write_byte(page, (uint8_t)(addr + 1), l_data);
   65   1      }
   66          //----------------------------------------------------------------------------- 
   67          // @brief    连续读取 2 字节数据 (高字节在前)
   68          // @param    page  EEPROM 页号(0~127)
   69          // @param    addr  起始地址(0~15)，函数内部自动读取 addr 和 addr+1
   70          // @return   读取到的 16 位数据
   71          // @author   ZP
   72          // Sample usage: uint16_t val = at24c16_read_twobytes(1, 10);
   73          //----------------------------------------------------------------------------- 
   74          uint16_t at24c16_read_twobytes(uint8_t page, uint8_t addr)
   75          {
   76   1              uint8_t h_data = 0, l_data = 0;
   77   1              uint16_t r_data = 0;
   78   1              
   79   1              h_data = at24c16_read_byte(page, addr);
   80   1              l_data = at24c16_read_byte(page, (uint8_t)(addr + 1));
   81   1              
   82   1              r_data = ((h_data << 8) | l_data);
   83   1              
   84   1              return r_data;
   85   1      }
   86          
   87          
   88          /*--------------------------------------------------------------
   89           * @brief   上电后从AT24C16 EEPROM读取参数
   90           *          1. max_value[0..6]  (Page0  Addr0~13)
   91           *          2. SpeedPID kp,ki,kd (Page1  Addr0~11)
   92           *          3. TurnPID  kp,ki,kd (Page2  Addr0~11)
   93           *-------------------------------------------------------------*/
   94          
   95          /* 辅助函数: 读取4字节并转换为float */
   96          float eeprom_read_float(uint8_t base_page, uint8_t base_offset)
   97          {
   98   1          union { float f; uint8_t b[4]; } _u;
   99   1      
  100   1          uint8_t  k;
  101   1          uint16_t off;
  102   1          uint8_t  pg, ad;
  103   1      
  104   1          for(k = 0; k < 4; k++)
  105   1          {
  106   2              off = base_offset + k;
  107   2              pg  = (uint8_t)(base_page + (off / 16));
  108   2              ad  = (uint8_t)(off % 16);
  109   2              _u.b[k] = at24c16_read_byte(pg, ad);
  110   2          }
  111   1      
  112   1          return _u.f;
  113   1      }
  114          
  115          void load_parameters_from_eeprom(void)
  116          {
  117   1         uint8_t i;
  118   1      
  119   1         /* 1. 读取 max_value 数组 */
  120   1         for(i = 0; i < 7; i++)
  121   1         {
  122   2             max_value[i] = at24c16_read_twobytes(0, (uint8_t)(i * 2));
  123   2         }
C251 COMPILER V5.60.0,  at24c16                                                            14/07/25  14:27:40  PAGE 3   

  124   1      
  125   1         /* 2. 读取 SpeedPID 参数 */
  126   1         SpeedPID.kp = eeprom_read_float(1, 0);
  127   1         SpeedPID.ki = eeprom_read_float(1, 4);
  128   1         SpeedPID.kd = eeprom_read_float(1, 8);
  129   1      
  130   1         /* 3. 读取 TurnPID 参数 */
  131   1         TurnPID.kp = eeprom_read_float(2, 0);
  132   1         TurnPID.ki = eeprom_read_float(2, 4);
  133   1         TurnPID.kd = eeprom_read_float(2, 8);
  134   1      }
  135          
  136          //----------------------------------------------------------------------------- 
  137          // @brief    保存 max_value 数组与 PID 参数到 AT24C16 EEPROM
  138          // @note     采用如下地址映射：
  139          //           Page0  Addr0~13   -> max_value[0..6]   (每个 uint16 占 2 字节)
  140          //           Page1  Addr0~11   -> SpeedPID  kp,ki,kd (每个 float 占 4 字节)
  141          //           Page2  Addr0~11   -> TurnPID   kp,ki,kd (每个 float 占 4 字节)
  142          //           如需调整映射，请同步修改读取函数
  143          //-----------------------------------------------------------------------------
  144          void save_parameters_to_eeprom(void)
  145          {
  146   1         uint8_t i;
  147   1         /* 1. 写入 max_value (uint16) */
  148   1         for(i = 0; i < 7; i++)
  149   1         {
  150   2             /* Page0 起始地址按 2*i */
  151   2             at24c16_write_twobytes(0, (uint8_t)(i * 2), max_value[i]);
  152   2         }
  153   1      
  154   1         /* 工具宏：将 float 拆分为 4 个字节并写入 */
  155   1         #define WRITE_FLOAT_TO_EEPROM(base_page, base_offset, fval)                \
  156   1             do{                                                                    \
  157   1                 union { float f; uint8_t b[4]; } _u;                               \
  158   1                 uint8_t  _k;                                                       \
  159   1                 uint16_t _off;                                                     \
  160   1                 uint8_t  _pg, _ad;                                                 \
  161   1                 _u.f = (fval);                                                     \
  162   1                 for(_k = 0; _k < 4; _k++)                                          \
  163   1                 {                                                                  \
  164   1                     _off = (base_offset) + _k;                                     \
  165   1                     _pg  = (uint8_t)((base_page) + (_off / 16));                   \
  166   1                     _ad  = (uint8_t)(_off % 16);                                   \
  167   1                     at24c16_write_byte(_pg, _ad, _u.b[_k]);                        \
  168   1                 }                                                                  \
  169   1             }while(0)
  170   1      
  171   1         /* 2. 写入 SpeedPID 参数到 Page1 起始偏移 0 */
  172   1         WRITE_FLOAT_TO_EEPROM(1, 0, SpeedPID.kp);
  173   1         WRITE_FLOAT_TO_EEPROM(1, 4, SpeedPID.ki);
  174   1         WRITE_FLOAT_TO_EEPROM(1, 8, SpeedPID.kd);
  175   1      
  176   1         /* 3. 写入 TurnPID 参数到 Page2 起始偏移 0 */
  177   1         WRITE_FLOAT_TO_EEPROM(2, 0, TurnPID.kp);
  178   1         WRITE_FLOAT_TO_EEPROM(2, 4, TurnPID.ki);
  179   1         WRITE_FLOAT_TO_EEPROM(2, 8, TurnPID.kd);
  180   1      
  181   1         #undef WRITE_FLOAT_TO_EEPROM
  182   1      }


Module Information          Static   Overlayable
------------------------------------------------
  code size            =      1722     ------
  ecode size           =    ------     ------
  data size            =    ------     ------
  idata size           =    ------     ------
C251 COMPILER V5.60.0,  at24c16                                                            14/07/25  14:27:40  PAGE 4   

  pdata size           =    ------     ------
  xdata size           =        46     ------
  xdata-const size     =    ------     ------
  edata size           =    ------     ------
  bit size             =    ------     ------
  ebit size            =    ------     ------
  bitaddressable size  =    ------     ------
  ebitaddressable size =    ------     ------
  far data size        =    ------     ------
  huge data size       =    ------     ------
  const size           =    ------     ------
  hconst size          =    ------     ------
End of Module Information.


C251 COMPILATION COMPLETE.  0 WARNING(S),  0 ERROR(S)
