C251 COMPILER V5.60.0,  encoder                                                            15/07/25  22:35:42  PAGE 1   


C251 COMPILER V5.60.0, COMPILATION OF MODULE encoder
OBJECT MODULE PLACED IN .\Out_File\encoder.obj
COMPILER INVOKED BY: D:\Software\Keil5\c251v560\C251\BIN\C251.EXE ..\USER\src\encoder.c LARGE INTR2 WARNINGLEVEL(3) OPTI
                    -MIZE(0,SPEED) BROWSE INCDIR(..\USER\inc;..\USER\src;..\libraries;..\seekfree_libraries;..\seekfree_peripheral) DEBUG PRI
                    -NT(.\Out_File\encoder.lst) OBJECT(.\Out_File\encoder.obj) 

stmt  level    source

    1          #include "encoder.h"
    2          
    3          #define ENCODER_JUMP_THRESHOLD    20  // 编码器读数突变的阈值（略大于正常的最大值）
    4          #define MIN_STABILITY_COUNT       5   // 判定为稳定状态所需的最小连续计数
    5          #define COUNTER_SAFETY_RESET   10000  // 计数器防溢出重置值
    6          
    7          Encoder_t EncoderL, EncoderR;
    8          EncoderDebo_t EncoderDeboL, EncoderDeboR;
    9          
   10          uint16_t g_intencoderALL = 0;
   11          
   12          void encoder_init(void)
   13          {
   14   1          EncoderL.encoder_original = 0;
   15   1          EncoderL.encoder_integral = 0;
   16   1          EncoderL.encoder_final = 0;
   17   1      
   18   1          EncoderR.encoder_integral = 0;
   19   1          EncoderR.encoder_original = 0;
   20   1          EncoderR.encoder_final = 0;
   21   1              
   22   1              EncoderDeboL.encoderlast = 0;
   23   1              EncoderDeboL.count = 0;
   24   1              
   25   1              EncoderDeboR.encoderlast = 0;
   26   1              EncoderDeboR.count = 0;
   27   1              
   28   1              ctimer_count_init(CTIM0_P34);
   29   1              ctimer_count_init(CTIM3_P04);
   30   1      }
   31          
   32          int get_left_encoder(void)
   33          {
   34   1              int encoder_left;
   35   1              
   36   1              if(LEFT_DIR == 1)
   37   1              {
   38   2                      encoder_left = ctimer_count_read(CTIM0_P34);
   39   2              }
   40   1              else
   41   1              {
   42   2                      encoder_left = ctimer_count_read(CTIM0_P34) * -1;
   43   2              }
   44   1              
   45   1              ctimer_count_clean(CTIM0_P34);
   46   1              
   47   1              return encoder_left;
   48   1      }
   49          
   50          int get_right_encoder(void)
   51          {
   52   1              int encoder_right;
   53   1              
   54   1              if(RIGHT_DIR == 1)
   55   1              {
   56   2                      encoder_right = ctimer_count_read(CTIM3_P04) * -1;
   57   2              }
C251 COMPILER V5.60.0,  encoder                                                            15/07/25  22:35:42  PAGE 2   

   58   1              else
   59   1              {
   60   2                      encoder_right = ctimer_count_read(CTIM3_P04);
   61   2              }
   62   1              
   63   1              ctimer_count_clean(CTIM3_P04);
   64   1              
   65   1              return encoder_right;
   66   1      }
   67          
   68          int encoder_debounce(EncoderDebo_t* instance, int encoder)
   69          {
   70   1              // 使用宏替换魔法数，代码意图一目了然
   71   1              if (myabs(encoder - instance->encoderlast) > ENCODER_JUMP_THRESHOLD && instance->count >= MIN_STABILITY_
             -COUNT)
   72   1              {
   73   2                      encoder = instance->encoderlast;
   74   2                      instance->count = 0;
   75   2              }
   76   1              else
   77   1              {
   78   2                      instance->encoderlast = encoder;
   79   2                      
   80   2                      instance->count++;
   81   2                      if (instance->count >= COUNTER_SAFETY_RESET)
   82   2                      {
   83   3                              // 可以保持清零，或者设置为一个不会立即触发抖动判断的值
   84   3                              instance->count = MIN_STABILITY_COUNT; 
   85   3                      }
   86   2              }
   87   1              
   88   1              return encoder;
   89   1      }


Module Information          Static   Overlayable
------------------------------------------------
  code size            =       398     ------
  ecode size           =    ------     ------
  data size            =    ------     ------
  idata size           =    ------     ------
  pdata size           =    ------     ------
  xdata size           =        32     ------
  xdata-const size     =    ------     ------
  edata size           =    ------     ------
  bit size             =    ------     ------
  ebit size            =    ------     ------
  bitaddressable size  =    ------     ------
  ebitaddressable size =    ------     ------
  far data size        =    ------     ------
  huge data size       =    ------     ------
  const size           =    ------     ------
  hconst size          =         7     ------
End of Module Information.


C251 COMPILATION COMPLETE.  0 WARNING(S),  0 ERROR(S)
